# managed by berth
set -euo pipefail
umask 077
exec >>/var/log/berth/backup-offsite.log 2>&1
exec 9>/var/backups/berth/.offsite.lock
flock -n 9 || { echo "[$(date -u +%FT%TZ)] berth offsite: skipped (another run holds the lock)"; exit 0; }
exec 8>/var/backups/berth/.artifacts.lock
flock -w 900 8 || { echo "[$(date -u +%FT%TZ)] berth offsite: giving up (local backups still running after 15m)"; exit 1; }
echo "[$(date -u +%FT%TZ)] berth offsite: start"
set -a
. /etc/berth/offsite.env
set +a
restic backup /var/backups/berth --host box-1 --exclude '.tmp-*' --exclude '.lock' --exclude '.artifacts.lock' --exclude '.offsite.lock'
restic forget --prune --keep-daily 7 --keep-weekly 4 --keep-monthly 6
echo "[$(date -u +%FT%TZ)] berth offsite: done"
